How's it going, friend?
Not bad. How about you?
Terrible.

