def int myfunc (x, y) {
	Binop(IntLiteral(3), Add, IntLiteral(4))
}

