INT
FLOAT
BOOL
VOID
TRUE
FALSE
STRUCT
ARRAY
STRING

